[backblue.gif]
[fade.gif]
[index.html]
[lezato.dexignzone.com/laravel/demo/public/images/favicon.png]
[lezato.dexignzone.com/laravel/demo/public/images/avatar/1.jpg]
[lezato.dexignzone.com/laravel/demo/public/images/avatar/2.jpg]
[lezato.dexignzone.com/laravel/demo/public/images/avatar/3.jpg]
[lezato.dexignzone.com/laravel/demo/public/images/avatar/4.jpg]
[lezato.dexignzone.com/laravel/demo/public/images/avatar/5.jpg]
[lezato.dexignzone.com/laravel/demo/public/images/avatar/profile-1.jpg]
[lezato.dexignzone.com/laravel/demo/public/images/plus.png]
[lezato.dexignzone.com/laravel/demo/public/images/menu/pic1.jpg]
[lezato.dexignzone.com/laravel/demo/public/images/menu/pic4.jpg]
[lezato.dexignzone.com/laravel/demo/public/images/menu/pic3.jpg]
[lezato.dexignzone.com/laravel/demo/public/images/menu/pic2.jpg]
[lezato.dexignzone.com/laravel/demo/public/images/contacts/c1.jpg]
[lezato.dexignzone.com/laravel/demo/public/images/contacts/c2.jpg]
[lezato.dexignzone.com/laravel/demo/public/images/contacts/c3.jpg]
[lezato.dexignzone.com/laravel/demo/public/images/contacts/c4.jpg]
[lezato.dexignzone.com/laravel/demo/public/images/contacts/c5.jpg]
[lezato.dexignzone.com/laravel/demo/public/images/contacts/c6.jpg]
[lezato.dexignzone.com/laravel/demo/public/images/map1.png]
[lezato.dexignzone.com/laravel/demo/public/images/contacts/c33.jpg]
[lezato.dexignzone.com/laravel/demo/public/images/contacts/c11.jpg]
[lezato.dexignzone.com/laravel/demo/public/images/contacts/c22.jpg]
[lezato.dexignzone.com/laravel/demo/public/vendor/global/global.min.js]
[lezato.dexignzone.com/laravel/demo/public/vendor/jquery-nice-select/js/jquery.nice-select.min.js]
[lezato.dexignzone.com/laravel/demo/public/vendor/chart.js/Chart.bundle.min.js]
[lezato.dexignzone.com/laravel/demo/public/vendor/apexchart/apexchart.js]
[lezato.dexignzone.com/laravel/demo/public/vendor/peity/jquery.peity.min.js]
[lezato.dexignzone.com/laravel/demo/public/js/dashboard/dashboard-1.js]
[lezato.dexignzone.com/laravel/demo/public/js/custom.min.js]
[lezato.dexignzone.com/laravel/demo/public/js/deznav-init.js]
[lezato.dexignzone.com/laravel/demo/public/js/demo.js]
[lezato.dexignzone.com/laravel/demo/public/js/styleSwitcher.js]
[lezato.dexignzone.com/laravel/demo/index.html]
[lezato.dexignzone.com/laravel/social-image.html]
[lezato.dexignzone.com/laravel/demo/public/vendor/chartist/css/chartist.min.css]
[lezato.dexignzone.com/laravel/demo/public/vendor/jquery-nice-select/css/nice-select.css]
[lezato.dexignzone.com/laravel/demo/public/images/pattern/pattern5.png]
[lezato.dexignzone.com/laravel/demo/public/images/profile/cover.jpg]
[lezato.dexignzone.com/laravel/demo/public/images/1.jpg]
[lezato.dexignzone.com/laravel/demo/public/images/like.png]
[lezato.dexignzone.com/laravel/demo/public/images/dots1.png]
[lezato.dexignzone.com/laravel/demo/public/images/dots2.png]
[lezato.dexignzone.com/laravel/demo/public/css/style.css]
[lezato.dexignzone.com/laravel/demo/public/images/profile/profile.png]
[lezato.dexignzone.com/laravel/demo/public/images/profile/1.jpg]
[lezato.dexignzone.com/laravel/demo/public/images/profile/2.jpg]
[lezato.dexignzone.com/laravel/demo/public/images/profile/3.jpg]
[lezato.dexignzone.com/laravel/demo/public/images/profile/4.jpg]
[lezato.dexignzone.com/laravel/demo/public/images/profile/5.jpg]
[lezato.dexignzone.com/laravel/demo/public/images/profile/6.jpg]
[lezato.dexignzone.com/laravel/demo/public/images/profile/7.jpg]
[lezato.dexignzone.com/laravel/demo/public/images/profile/8.jpg]
[lezato.dexignzone.com/laravel/demo/public/images/profile/9.jpg]
[lezato.dexignzone.com/laravel/demo/public/vendor/bootstrap-select/dist/js/bootstrap-select.min.js]
[lezato.dexignzone.com/laravel/demo/public/vendor/lightgallery/js/lightgallery-all.min.js]
[lezato.dexignzone.com/laravel/demo/app-profile.html]
[lezato.dexignzone.com/laravel/demo/email-inbox.html]
[lezato.dexignzone.com/laravel/demo/public/images/logo-full.png]
[lezato.dexignzone.com/laravel/demo/page-login.html]
[lezato.dexignzone.com/laravel/demo/public/images/map2.png]
[lezato.dexignzone.com/laravel/demo/index-2.html]
[lezato.dexignzone.com/laravel/demo/public/vendor/datatables/js/jquery.dataTables.min.js]
[lezato.dexignzone.com/laravel/demo/public/js/plugins-init/datatables.init.js]
[lezato.dexignzone.com/laravel/demo/order-page-list.html]
[lezato.dexignzone.com/laravel/demo/public/images/map.jpg]
[lezato.dexignzone.com/laravel/demo/public/images/pic1.jpg]
[lezato.dexignzone.com/laravel/demo/public/images/contacts/m1.jpg]
[lezato.dexignzone.com/laravel/demo/public/images/contacts/m2.jpg]
[lezato.dexignzone.com/laravel/demo/public/images/contacts/m3.jpg]
[lezato.dexignzone.com/laravel/demo/public/images/profile/p1.jpg]
[lezato.dexignzone.com/laravel/demo/public/vendor/owl-carousel/owl.carousel.js]
[lezato.dexignzone.com/laravel/demo/public/js/dashboard/order-detail-page.js]
[lezato.dexignzone.com/laravel/demo/order-details-page.html]
[lezato.dexignzone.com/laravel/demo/customer-page-list.html]
[lezato.dexignzone.com/laravel/demo/public/images/menu/fav2.jpg]
[lezato.dexignzone.com/laravel/demo/public/images/menu/fav1.jpg]
[lezato.dexignzone.com/laravel/demo/public/images/menu/menu1.jpg]
[lezato.dexignzone.com/laravel/demo/public/images/menu/menu2.jpg]
[lezato.dexignzone.com/laravel/demo/public/images/menu/menu3.jpg]
[lezato.dexignzone.com/laravel/demo/public/images/menu/menu5.jpg]
[lezato.dexignzone.com/laravel/demo/public/images/menu/menu6.jpg]
[lezato.dexignzone.com/laravel/demo/public/images/menu/menu7.jpg]
[lezato.dexignzone.com/laravel/demo/public/images/menu/menu8.jpg]
[lezato.dexignzone.com/laravel/demo/public/js/dashboard/analytics.js]
[lezato.dexignzone.com/laravel/demo/analytics.html]
[lezato.dexignzone.com/laravel/demo/public/images/menu/rev1.jpg]
[lezato.dexignzone.com/laravel/demo/public/images/menu/rev2.jpg]
[lezato.dexignzone.com/laravel/demo/public/images/menu/rev3.jpg]
[lezato.dexignzone.com/laravel/demo/public/images/menu/rev4.jpg]
[lezato.dexignzone.com/laravel/demo/public/images/menu/rev5.jpg]
[lezato.dexignzone.com/laravel/demo/review.html]
[lezato.dexignzone.com/laravel/demo/post-details.html]
[lezato.dexignzone.com/laravel/demo/public/vendor/dropzone/dist/dropzone.js]
[lezato.dexignzone.com/laravel/demo/email-compose.html]
[lezato.dexignzone.com/laravel/demo/email-read.html]
[lezato.dexignzone.com/laravel/demo/public/vendor/moment/moment.min.js]
[lezato.dexignzone.com/laravel/demo/public/vendor/fullcalendar/js/main.min.js]
[lezato.dexignzone.com/laravel/demo/public/js/plugins-init/fullcalendar-init.js]
[lezato.dexignzone.com/laravel/demo/app-calender.html]
[lezato.dexignzone.com/laravel/demo/public/images/product/1.jpg]
[lezato.dexignzone.com/laravel/demo/public/images/product/2.jpg]
[lezato.dexignzone.com/laravel/demo/public/images/product/3.jpg]
[lezato.dexignzone.com/laravel/demo/public/images/product/4.jpg]
[lezato.dexignzone.com/laravel/demo/public/images/product/5.jpg]
[lezato.dexignzone.com/laravel/demo/public/images/product/6.jpg]
[lezato.dexignzone.com/laravel/demo/public/images/product/7.jpg]
[lezato.dexignzone.com/laravel/demo/ecom-product-grid.html]
[lezato.dexignzone.com/laravel/demo/public/images/product/pizz1.jpg]
[lezato.dexignzone.com/laravel/demo/public/images/product/pizz2.jpg]
[lezato.dexignzone.com/laravel/demo/public/images/product/pizz3.jpg]
[lezato.dexignzone.com/laravel/demo/public/images/product/pizza4.jpg]
[lezato.dexignzone.com/laravel/demo/public/images/product/pizza5.jpg]
[lezato.dexignzone.com/laravel/demo/public/images/product/pizza6.png]
[lezato.dexignzone.com/laravel/demo/public/vendor/star-rating/jquery.star-rating-svg.js]
[lezato.dexignzone.com/laravel/demo/ecom-product-list.html]
[lezato.dexignzone.com/laravel/demo/public/images/tab/1.jpg]
[lezato.dexignzone.com/laravel/demo/public/images/tab/2.jpg]
[lezato.dexignzone.com/laravel/demo/public/images/tab/3.jpg]
[lezato.dexignzone.com/laravel/demo/public/images/tab/4.jpg]
[lezato.dexignzone.com/laravel/demo/ecom-product-detail.html]
[lezato.dexignzone.com/laravel/demo/ecom-product-order.html]
[lezato.dexignzone.com/laravel/demo/ecom-checkout.html]
[lezato.dexignzone.com/laravel/demo/public/images/logo.png]
[lezato.dexignzone.com/laravel/demo/public/images/qr.png]
[lezato.dexignzone.com/laravel/demo/ecom-invoice.html]
[lezato.dexignzone.com/laravel/demo/public/images/avatar/5.png]
[lezato.dexignzone.com/laravel/demo/public/images/avatar/1.png]
[lezato.dexignzone.com/laravel/demo/public/vendor/highlightjs/highlight.pack.min.js]
[lezato.dexignzone.com/laravel/demo/ecom-customers.html]
[lezato.dexignzone.com/laravel/demo/public/vendor/flot/jquery.flot.js]
[lezato.dexignzone.com/laravel/demo/public/vendor/flot/jquery.flot.pie.js]
[lezato.dexignzone.com/laravel/demo/public/vendor/flot/jquery.flot.resize.js]
[lezato.dexignzone.com/laravel/demo/public/vendor/flot-spline/jquery.flot.spline.min.js]
[lezato.dexignzone.com/laravel/demo/public/js/plugins-init/flot-init.js]
[lezato.dexignzone.com/laravel/demo/chart-flot.html]
[lezato.dexignzone.com/laravel/demo/public/vendor/raphael/raphael.min.js]
[lezato.dexignzone.com/laravel/demo/public/vendor/morris/morris.min.js]
[lezato.dexignzone.com/laravel/demo/public/js/plugins-init/morris-init.js]
[lezato.dexignzone.com/laravel/demo/chart-morris.html]
[lezato.dexignzone.com/laravel/demo/public/js/plugins-init/chartjs-init.js]
[lezato.dexignzone.com/laravel/demo/chart-chartjs.html]
[lezato.dexignzone.com/laravel/demo/public/vendor/chartist/js/chartist.min.js]
[lezato.dexignzone.com/laravel/demo/public/vendor/chartist-plugin-tooltips/js/chartist-plugin-tooltip.min.js]
[lezato.dexignzone.com/laravel/demo/public/js/plugins-init/chartist-init.js]
[lezato.dexignzone.com/laravel/demo/chart-chartist.html]
[lezato.dexignzone.com/laravel/demo/public/vendor/jquery-sparkline/jquery.sparkline.min.js]
[lezato.dexignzone.com/laravel/demo/public/js/plugins-init/sparkline-init.js]
[lezato.dexignzone.com/laravel/demo/public/vendor/svganimation/vivus.min.js]
[lezato.dexignzone.com/laravel/demo/public/vendor/svganimation/svg.animation.js]
[lezato.dexignzone.com/laravel/demo/chart-sparkline.html]
[lezato.dexignzone.com/laravel/demo/public/js/plugins-init/piety-init.js]
[lezato.dexignzone.com/laravel/demo/chart-peity.html]
[lezato.dexignzone.com/laravel/demo/ui-accordion.html]
[lezato.dexignzone.com/laravel/demo/ui-alert.html]
[lezato.dexignzone.com/laravel/demo/ui-badge.html]
[lezato.dexignzone.com/laravel/demo/ui-button.html]
[lezato.dexignzone.com/laravel/demo/ui-modal.html]
[lezato.dexignzone.com/laravel/demo/ui-button-group.html]
[lezato.dexignzone.com/laravel/demo/ui-list-group.html]
[lezato.dexignzone.com/laravel/demo/public/images/card/1.png]
[lezato.dexignzone.com/laravel/demo/public/images/card/2.png]
[lezato.dexignzone.com/laravel/demo/public/images/card/3.png]
[lezato.dexignzone.com/laravel/demo/ui-card.html]
[lezato.dexignzone.com/laravel/demo/public/images/big/img1.jpg]
[lezato.dexignzone.com/laravel/demo/public/images/big/img2.jpg]
[lezato.dexignzone.com/laravel/demo/public/images/big/img3.jpg]
[lezato.dexignzone.com/laravel/demo/public/images/big/img4.jpg]
[lezato.dexignzone.com/laravel/demo/public/images/big/img5.jpg]
[lezato.dexignzone.com/laravel/demo/public/images/big/img6.jpg]
[lezato.dexignzone.com/laravel/demo/public/images/big/img7.jpg]
[lezato.dexignzone.com/laravel/demo/ui-carousel.html]
[lezato.dexignzone.com/laravel/demo/ui-dropdown.html]
[lezato.dexignzone.com/laravel/demo/ui-popover.html]
[lezato.dexignzone.com/laravel/demo/ui-progressbar.html]
[lezato.dexignzone.com/laravel/demo/ui-tab.html]
[lezato.dexignzone.com/laravel/demo/ui-typography.html]
[lezato.dexignzone.com/laravel/demo/ui-pagination.html]
[lezato.dexignzone.com/laravel/demo/ui-grid.html]
[lezato.dexignzone.com/laravel/demo/public/vendor/select2/js/select2.full.min.js]
[lezato.dexignzone.com/laravel/demo/public/js/plugins-init/select2-init.js]
[lezato.dexignzone.com/laravel/demo/uc-select2.html]
[lezato.dexignzone.com/laravel/demo/public/vendor/nestable2/js/jquery.nestable.min.js]
[lezato.dexignzone.com/laravel/demo/public/js/plugins-init/nestable-init.js]
[lezato.dexignzone.com/laravel/demo/uc-nestable.html]
[lezato.dexignzone.com/laravel/demo/public/vendor/nouislider/nouislider.min.js]
[lezato.dexignzone.com/laravel/demo/public/vendor/wnumb/wNumb.js]
[lezato.dexignzone.com/laravel/demo/public/js/plugins-init/nouislider-init.js]
[lezato.dexignzone.com/laravel/demo/uc-noui-slider.html]
[lezato.dexignzone.com/laravel/demo/public/vendor/sweetalert2/dist/sweetalert2.min.js]
[lezato.dexignzone.com/laravel/demo/public/js/plugins-init/sweetalert.init.js]
[lezato.dexignzone.com/laravel/demo/uc-sweetalert.html]
[lezato.dexignzone.com/laravel/demo/public/vendor/toastr/js/toastr.min.js]
[lezato.dexignzone.com/laravel/demo/public/js/plugins-init/toastr-init.js]
[lezato.dexignzone.com/laravel/demo/uc-toastr.html]
[lezato.dexignzone.com/laravel/demo/public/vendor/jqvmap/js/jquery.vmap.min.js]
[lezato.dexignzone.com/laravel/demo/public/vendor/jqvmap/js/jquery.vmap.world.js]
[lezato.dexignzone.com/laravel/demo/public/vendor/jqvmap/js/jquery.vmap.usa.js]
[lezato.dexignzone.com/laravel/demo/public/js/plugins-init/jqvmap-init.js]
[lezato.dexignzone.com/laravel/demo/map-jqvmap.html]
[lezato.dexignzone.com/laravel/demo/public/images/big/img8.jpg]
[lezato.dexignzone.com/laravel/demo/uc-lightgallery.html]
[lezato.dexignzone.com/laravel/demo/public/js/plugins-init/widgets-script-init.js]
[lezato.dexignzone.com/laravel/demo/widget-basic.html]
[lezato.dexignzone.com/laravel/demo/form-element.html]
[lezato.dexignzone.com/laravel/demo/public/vendor/jquery-steps/build/jquery.steps.min.js]
[lezato.dexignzone.com/laravel/demo/public/vendor/jquery-validation/jquery.validate.min.js]
[lezato.dexignzone.com/laravel/demo/public/js/plugins-init/jquery.validate-init.js]
[lezato.dexignzone.com/laravel/demo/public/vendor/jquery-smartwizard/dist/js/jquery.smartWizard.js]
[lezato.dexignzone.com/laravel/demo/form-wizard.html]
[lezato.dexignzone.com/laravel/demo/public/vendor/ckeditor/ckeditor.js]
[lezato.dexignzone.com/laravel/demo/form-ckeditor.html]
[lezato.dexignzone.com/laravel/demo/public/vendor/bootstrap-daterangepicker/daterangepicker.js]
[lezato.dexignzone.com/laravel/demo/public/vendor/clockpicker/js/bootstrap-clockpicker.min.js]
[lezato.dexignzone.com/laravel/demo/public/vendor/jquery-asColor/jquery-asColor.min.js]
[lezato.dexignzone.com/laravel/demo/public/vendor/jquery-asGradient/jquery-asGradient.min.js]
[lezato.dexignzone.com/laravel/demo/public/vendor/jquery-asColorPicker/js/jquery-asColorPicker.min.js]
[lezato.dexignzone.com/laravel/demo/public/vendor/bootstrap-material-datetimepicker/js/bootstrap-material-datetimepicker.js]
[lezato.dexignzone.com/laravel/demo/public/vendor/pickadate/picker.js]
[lezato.dexignzone.com/laravel/demo/public/vendor/pickadate/picker.time.js]
[lezato.dexignzone.com/laravel/demo/public/vendor/pickadate/picker.date.js]
[lezato.dexignzone.com/laravel/demo/public/js/plugins-init/bs-daterange-picker-init.js]
[lezato.dexignzone.com/laravel/demo/public/js/plugins-init/clock-picker-init.js]
[lezato.dexignzone.com/laravel/demo/public/js/plugins-init/jquery-asColorPicker.init.js]
[lezato.dexignzone.com/laravel/demo/public/js/plugins-init/material-date-picker-init.js]
[lezato.dexignzone.com/laravel/demo/public/js/plugins-init/pickadate-init.js]
[lezato.dexignzone.com/laravel/demo/form-pickers.html]
[lezato.dexignzone.com/laravel/demo/form-validation.html]
[lezato.dexignzone.com/laravel/demo/table-bootstrap-basic.html]
[lezato.dexignzone.com/laravel/demo/public/images/profile/small/pic1.jpg]
[lezato.dexignzone.com/laravel/demo/public/images/profile/small/pic2.jpg]
[lezato.dexignzone.com/laravel/demo/public/images/profile/small/pic3.jpg]
[lezato.dexignzone.com/laravel/demo/public/images/profile/small/pic4.jpg]
[lezato.dexignzone.com/laravel/demo/public/images/profile/small/pic5.jpg]
[lezato.dexignzone.com/laravel/demo/public/images/profile/small/pic6.jpg]
[lezato.dexignzone.com/laravel/demo/public/images/profile/small/pic7.jpg]
[lezato.dexignzone.com/laravel/demo/public/images/profile/small/pic8.jpg]
[lezato.dexignzone.com/laravel/demo/public/images/profile/small/pic9.jpg]
[lezato.dexignzone.com/laravel/demo/public/images/profile/small/pic10.jpg]
[lezato.dexignzone.com/laravel/demo/table-datatable-basic.html]
[lezato.dexignzone.com/laravel/demo/page-register.html]
[lezato.dexignzone.com/laravel/demo/page-error-400.html]
[lezato.dexignzone.com/laravel/demo/page-error-403.html]
[lezato.dexignzone.com/laravel/demo/page-error-404.html]
[lezato.dexignzone.com/laravel/demo/page-error-500.html]
[lezato.dexignzone.com/laravel/demo/page-error-503.html]
[lezato.dexignzone.com/laravel/demo/page-lock-screen.html]
[lezato.dexignzone.com/laravel/demo/empty-page.html]
[lezato.dexignzone.com/laravel/demo/customer-list.html]
[lezato.dexignzone.com/laravel/demo/delevery.html]
[lezato.dexignzone.com/laravel/demo/public/icons/simple-line-icons/fonts/Simple-Line-Icons4c824c82.eot]
[lezato.dexignzone.com/laravel/demo/public/icons/simple-line-icons/fonts/Simple-Line-Iconsd41dd41d.eot]
[lezato.dexignzone.com/laravel/demo/public/icons/simple-line-icons/fonts/Simple-Line-Icons4c824c82.ttf]
[lezato.dexignzone.com/laravel/demo/public/icons/simple-line-icons/fonts/Simple-Line-Icons4c824c82.woff2]
[lezato.dexignzone.com/laravel/demo/public/icons/simple-line-icons/fonts/Simple-Line-Icons4c824c82.woff]
[lezato.dexignzone.com/laravel/demo/public/icons/simple-line-icons/css/simple-line-icons.css]
[lezato.dexignzone.com/laravel/demo/public/icons/font-awesome/webfonts/fa-brands-400.eot]
[lezato.dexignzone.com/laravel/demo/public/icons/font-awesome/webfonts/fa-brands-400d41d.eot]
[lezato.dexignzone.com/laravel/demo/public/icons/font-awesome/webfonts/fa-brands-400.woff2]
[lezato.dexignzone.com/laravel/demo/public/icons/font-awesome/webfonts/fa-brands-400.woff]
[lezato.dexignzone.com/laravel/demo/public/icons/font-awesome/webfonts/fa-brands-400.ttf]
[lezato.dexignzone.com/laravel/demo/public/icons/font-awesome/webfonts/fa-regular-400.eot]
[lezato.dexignzone.com/laravel/demo/public/icons/font-awesome/webfonts/fa-regular-400d41d.eot]
[lezato.dexignzone.com/laravel/demo/public/icons/font-awesome/webfonts/fa-regular-400.woff2]
[lezato.dexignzone.com/laravel/demo/public/icons/font-awesome/webfonts/fa-regular-400.woff]
[lezato.dexignzone.com/laravel/demo/public/icons/font-awesome/webfonts/fa-regular-400.ttf]
[lezato.dexignzone.com/laravel/demo/public/icons/font-awesome/webfonts/fa-solid-900.eot]
[lezato.dexignzone.com/laravel/demo/public/icons/font-awesome/webfonts/fa-solid-900d41d.eot]
[lezato.dexignzone.com/laravel/demo/public/icons/font-awesome/webfonts/fa-solid-900.woff2]
[lezato.dexignzone.com/laravel/demo/public/icons/font-awesome/webfonts/fa-solid-900.woff]
[lezato.dexignzone.com/laravel/demo/public/icons/font-awesome/webfonts/fa-solid-900.ttf]
[lezato.dexignzone.com/laravel/demo/public/icons/font-awesome/css/all.min.css]
[lezato.dexignzone.com/laravel/demo/public/icons/material-design-iconic-font/fonts/materialdesignicons-webfont683c.eot]
[lezato.dexignzone.com/laravel/demo/public/icons/material-design-iconic-font/fonts/materialdesignicons-webfontd41d.eot]
[lezato.dexignzone.com/laravel/demo/public/icons/material-design-iconic-font/fonts/materialdesignicons-webfont683c.woff2]
[lezato.dexignzone.com/laravel/demo/public/icons/material-design-iconic-font/fonts/materialdesignicons-webfont683c.woff]
[lezato.dexignzone.com/laravel/demo/public/icons/material-design-iconic-font/fonts/materialdesignicons-webfont683c.ttf]
[lezato.dexignzone.com/laravel/demo/public/icons/material-design-iconic-font/css/materialdesignicons.min.css]
[lezato.dexignzone.com/laravel/demo/public/icons/themify-icons/fonts/themify9f249f24.eot]
[lezato.dexignzone.com/laravel/demo/public/icons/themify-icons/fonts/themifyd41dd41d.eot]
[lezato.dexignzone.com/laravel/demo/public/icons/themify-icons/fonts/themify.woff]
[lezato.dexignzone.com/laravel/demo/public/icons/themify-icons/fonts/themify.ttf]
[lezato.dexignzone.com/laravel/demo/public/icons/themify-icons/css/themify-icons.css]
[lezato.dexignzone.com/laravel/demo/public/icons/line-awesome/fonts/la-brands-400.eot]
[lezato.dexignzone.com/laravel/demo/public/icons/line-awesome/fonts/la-brands-400d41d.eot]
[lezato.dexignzone.com/laravel/demo/public/icons/line-awesome/fonts/la-brands-400.woff2]
[lezato.dexignzone.com/laravel/demo/public/icons/line-awesome/fonts/la-brands-400.woff]
[lezato.dexignzone.com/laravel/demo/public/icons/line-awesome/fonts/la-brands-400.ttf]
[lezato.dexignzone.com/laravel/demo/public/icons/line-awesome/fonts/la-regular-400.eot]
[lezato.dexignzone.com/laravel/demo/public/icons/line-awesome/fonts/la-regular-400d41d.eot]
[lezato.dexignzone.com/laravel/demo/public/icons/line-awesome/fonts/la-regular-400.woff2]
[lezato.dexignzone.com/laravel/demo/public/icons/line-awesome/fonts/la-regular-400.woff]
[lezato.dexignzone.com/laravel/demo/public/icons/line-awesome/fonts/la-regular-400.ttf]
[lezato.dexignzone.com/laravel/demo/public/icons/line-awesome/fonts/la-solid-900.eot]
[lezato.dexignzone.com/laravel/demo/public/icons/line-awesome/fonts/la-solid-900d41d.eot]
[lezato.dexignzone.com/laravel/demo/public/icons/line-awesome/fonts/la-solid-900.woff2]
[lezato.dexignzone.com/laravel/demo/public/icons/line-awesome/fonts/la-solid-900.woff]
[lezato.dexignzone.com/laravel/demo/public/icons/line-awesome/fonts/la-solid-900.ttf]
[lezato.dexignzone.com/laravel/demo/public/icons/line-awesome/css/line-awesome.min.css]
[lezato.dexignzone.com/laravel/demo/public/icons/avasta/fonts/avasta.eot]
[lezato.dexignzone.com/laravel/demo/public/icons/avasta/fonts/avasta.woff2]
[lezato.dexignzone.com/laravel/demo/public/icons/avasta/fonts/avasta.woff]
[lezato.dexignzone.com/laravel/demo/public/icons/avasta/fonts/avasta.ttf]
[lezato.dexignzone.com/laravel/demo/public/icons/avasta/css/style.css]
[lezato.dexignzone.com/laravel/demo/public/icons/flaticon/Flaticon.eot]
[lezato.dexignzone.com/laravel/demo/public/icons/flaticon/Flaticond41d.eot]
[lezato.dexignzone.com/laravel/demo/public/icons/flaticon/Flaticon.woff]
[lezato.dexignzone.com/laravel/demo/public/icons/flaticon/Flaticon.ttf]
[lezato.dexignzone.com/laravel/demo/public/icons/flaticon/flaticon.css]
[lezato.dexignzone.com/laravel/demo/public/icons/flaticon_1/Flaticon_1.eot]
[lezato.dexignzone.com/laravel/demo/public/icons/flaticon_1/Flaticon_1d41d.eot]
[lezato.dexignzone.com/laravel/demo/public/icons/flaticon_1/Flaticon_1.woff2]
[lezato.dexignzone.com/laravel/demo/public/icons/flaticon_1/Flaticon_1.woff]
[lezato.dexignzone.com/laravel/demo/public/icons/flaticon_1/Flaticon_1.ttf]
[lezato.dexignzone.com/laravel/demo/public/icons/flaticon_1/flaticon_1.css]
[lezato.dexignzone.com/laravel/demo/public/icons/icomoon/fonts/icomoon.eot]
[lezato.dexignzone.com/laravel/demo/public/icons/icomoon/fonts/icomoon.ttf]
[lezato.dexignzone.com/laravel/demo/public/icons/icomoon/fonts/icomoon.woff]
[lezato.dexignzone.com/laravel/demo/public/icons/icomoon/icomoon.css]
[lezato.dexignzone.com/laravel/demo/public/icons/bootstrap-icons/font/fonts/bootstrap-iconse36a.woff2]
[lezato.dexignzone.com/laravel/demo/public/icons/bootstrap-icons/font/fonts/bootstrap-iconse36a.woff]
[lezato.dexignzone.com/laravel/demo/public/icons/bootstrap-icons/font/bootstrap-icons.css]
[lezato.dexignzone.com/laravel/demo/public/vendor/animate/animate.min.css]
[lezato.dexignzone.com/laravel/demo/public/vendor/aos/css/aos.min.css]
[lezato.dexignzone.com/laravel/demo/public/vendor/perfect-scrollbar/css/perfect-scrollbar.css]
[lezato.dexignzone.com/laravel/demo/public/vendor/metismenu/css/metisMenu.min.css]
[lezato.dexignzone.com/laravel/demo/public/images/body/12.html]
[lezato.dexignzone.com/laravel/demo/public/images/svg/check.svg]
[lezato.dexignzone.com/laravel/demo/public/images/svg/cd-arrow.html]
[lezato.dexignzone.com/laravel/demo/public/vendor/lightgallery/fonts/lgd641.eot]
[lezato.dexignzone.com/laravel/demo/public/vendor/lightgallery/fonts/lgd41d.eot]
[lezato.dexignzone.com/laravel/demo/public/vendor/lightgallery/fonts/lgd641.woff]
[lezato.dexignzone.com/laravel/demo/public/vendor/lightgallery/fonts/lgd641.ttf]
[lezato.dexignzone.com/laravel/demo/public/vendor/lightgallery/img/vimeo-play.png]
[lezato.dexignzone.com/laravel/demo/public/vendor/lightgallery/img/video-play.png]
[lezato.dexignzone.com/laravel/demo/public/vendor/lightgallery/img/youtube-play.png]
[lezato.dexignzone.com/laravel/demo/public/vendor/lightgallery/img/loading.gif]
[lezato.dexignzone.com/laravel/demo/public/vendor/lightgallery/css/lightgallery.min.css]
[lezato.dexignzone.com/laravel/demo/page-forgot-password.html]
[lezato.dexignzone.com/laravel/demo/public/vendor/datatables/images/sort_both.png]
[lezato.dexignzone.com/laravel/demo/public/vendor/datatables/images/sort_asc.png]
[lezato.dexignzone.com/laravel/demo/public/vendor/datatables/images/sort_desc.png]
[lezato.dexignzone.com/laravel/demo/public/vendor/datatables/images/sort_asc_disabled.png]
[lezato.dexignzone.com/laravel/demo/public/vendor/datatables/images/sort_desc_disabled.png]
[lezato.dexignzone.com/laravel/demo/public/vendor/datatables/css/jquery.dataTables.min.css]
[lezato.dexignzone.com/laravel/demo/public/vendor/owl-carousel/owl.carousel.css]
[lezato.dexignzone.com/laravel/demo/public/vendor/dropzone/dist/dropzone.css]
[lezato.dexignzone.com/laravel/demo/public/vendor/fullcalendar/css/main.min.css]
[lezato.dexignzone.com/laravel/demo/public/vendor/star-rating/star-rating-svg.css]
[lezato.dexignzone.com/laravel/demo/public/vendor/bootstrap-select/dist/css/bootstrap-select.min.css]
[lezato.dexignzone.com/laravel/demo/public/images/logo-text.html]
[lezato.dexignzone.com/laravel/demo/public/vendor/select2/css/select2.min.css]
[lezato.dexignzone.com/laravel/demo/public/vendor/nestable2/css/jquery.nestable.min.css]
[lezato.dexignzone.com/laravel/demo/public/vendor/nouislider/nouislider.min.css]
[lezato.dexignzone.com/laravel/demo/public/vendor/sweetalert2/dist/sweetalert2.min.css]
[lezato.dexignzone.com/laravel/demo/public/vendor/toastr/css/toastr.min.css]
[lezato.dexignzone.com/laravel/demo/public/vendor/jqvmap/css/jqvmap.min.css]
[lezato.dexignzone.com/laravel/demo/public/vendor/jquery-smartwizard/dist/css/smart_wizard.min.css]
[lezato.dexignzone.com/laravel/demo/public/vendor/bootstrap-daterangepicker/daterangepicker.css]
[lezato.dexignzone.com/laravel/demo/public/vendor/clockpicker/css/bootstrap-clockpicker.min.css]
[lezato.dexignzone.com/laravel/demo/public/vendor/jquery-asColorPicker/images/transparent.png]
[lezato.dexignzone.com/laravel/demo/public/vendor/jquery-asColorPicker/images/saturation.png]
[lezato.dexignzone.com/laravel/demo/public/vendor/jquery-asColorPicker/images/hue.png]
[lezato.dexignzone.com/laravel/demo/public/vendor/jquery-asColorPicker/images/alpha.png]
[lezato.dexignzone.com/laravel/demo/public/vendor/jquery-asColorPicker/css/asColorPicker.min.css]
[lezato.dexignzone.com/laravel/demo/public/vendor/bootstrap-material-datetimepicker/css/bootstrap-material-datetimepicker.css]
[lezato.dexignzone.com/laravel/demo/public/vendor/pickadate/themes/default.css]
[lezato.dexignzone.com/laravel/demo/public/vendor/pickadate/themes/default.date.css]
[lezato.dexignzone.com/laravel/demo/public/vendor/dlabnav/dlabnav.min.html]
[lezato.dexignzone.com/laravel/demo/public/icons/simple-line-icons/fonts/Simple-Line-Icons4c824c82.svg]
[lezato.dexignzone.com/laravel/demo/public/icons/font-awesome/webfonts/fa-brands-400.svg]
[lezato.dexignzone.com/laravel/demo/public/icons/font-awesome/webfonts/fa-regular-400.svg]
[lezato.dexignzone.com/laravel/demo/public/icons/font-awesome/webfonts/fa-solid-900.svg]
[lezato.dexignzone.com/laravel/demo/public/icons/material-design-iconic-font/fonts/materialdesignicons-webfont683c.svg]
[lezato.dexignzone.com/laravel/demo/public/icons/themify-icons/fonts/themify9f249f24.svg]
[lezato.dexignzone.com/laravel/demo/public/icons/line-awesome/fonts/la-brands-400.svg]
[lezato.dexignzone.com/laravel/demo/public/icons/line-awesome/fonts/la-regular-400.svg]
[lezato.dexignzone.com/laravel/demo/public/icons/line-awesome/fonts/la-solid-900.svg]
[lezato.dexignzone.com/laravel/demo/public/icons/avasta/fonts/avasta.svg]
[lezato.dexignzone.com/laravel/demo/public/icons/flaticon/Flaticon.svg]
[lezato.dexignzone.com/laravel/demo/public/icons/flaticon_1/Flaticon_1.svg]
[lezato.dexignzone.com/laravel/demo/public/icons/icomoon/fonts/icomoon.svg]
[lezato.dexignzone.com/laravel/demo/public/vendor/lightgallery/fonts/lgd641.svg]
[lezato.dexignzone.com/laravel/demo/public/vendor/owl-carousel/owl.video.play.html]
